// Vitest Snapshot v1

exports[`Given the \`Rank\` component > when it is rendered > should match the snapshot 1`] = `
<div
  class="rank d-flex flex-column align-items-center"
  data-v-e828e83c=""
>
  <div
    data-v-e828e83c=""
  >
    Paul, your current entry count is...
  </div>
  <div
    class="rank-ranking"
    data-v-e828e83c=""
  >
    1
  </div>
  <div
    data-v-e828e83c=""
  >
    Rank Badge: ğŸ˜€
  </div>
</div>
`;
